
[1] 采集（真数据源，用时 13.0s）
  2026-09-14 · review / review
    boards           12
    sectorUniverse   12
    ladder           20
    concepts         8
    conceptMembers   19
    screened         8
    events           0
    pulses           8
    isolated         5
    positions        0
    watchlist        0
    myPlanItems      0
    auction          0
  市场素材：{"breadth":{"up":3126,"down":2224,"flat":207,"limitUp":57,"limitDown":18,"strongUp":612,"strongDown":298,"amountYi":16430.34,"avgPct":0.53},"regime":{"temperature":57,"band":"warm","drivers":[]},"situation":"normal","limitDownCount":18}
  方向名池（前 5）：["新能源车","数据中心","消费电子概念","汽车电子","机器人概念"]
  板块榜（前 5）：["新能源车(17板)","数据中心(14板)","消费电子概念(12板)","汽车电子(11板)","机器人概念(11板)"]
  涨停梯队（前 3）：["SZ000993 闽东电力 4连板","SZ000823 超声电子 3连板","SH600876 凯盛新能 3连板"]
  自挖类（前 3）：["#9 n=2 强度=2.09 成员=纽威数控/国盛智科","#7 n=2 强度=2.06 成员=禾元生物-U/必贝特-U","#8 n=2 强度=2.03 成员=盛科通信-U/华丰科技"]
  选股候选（前 3）：["SZ000636 风华高科 +5.2%","SH603936 博敏电子 +6.75%","SZ300454 深信服 +4.96%"]
  自挖板块素材口径：as_of 2026-09-14 · window 90 / min_corr 0.6 / pool 200 · 可用 8 类（用了前 8）· 排除 2 个弱链/传递链可疑类
  上下文体积：7.7 KB
  素材缺口：
    - 事件流：本时段没有增量（非交易时段属正常）
    - 复盘：还没有可引用的复盘存档（没有预期清单 → 竞价没有对照基准）

[2] 断言：素材块到位 / 缺口如实 / 体积合规
  ✅ 行情装载无异常
  ✅ 涨停梯队有票：20 只
  ✅ 方向名池非空（护栏的"允许说什么"来自行情板块榜）：12 个
  ✅ 自挖类到位，或**如实记录**了缺口
  ✅ 自挖类带了成员（共动证据）：19 个成员位
  ✅ 选股候选到位或如实记录缺口：8 只
  ✅ 上下文体积在上限内（AI_CONTEXT_MAX_BYTES=24KB）：7.7KB
  ✅ 持仓/自选已读（0 条也是事实）

[3] 断言：护栏对**真素材**有效（故意越界：素材外票 + 自造板块名 + 编造引文）
  ✅ 自造板块名被剔除：[]
  ✅ 素材外的候选被剔除
  ✅ 素材外的持仓动作/竞价判定被剔除
  ✅ 剔除留痕：方向 1 条：["人形机器人核心零部件"]
  ✅ 剔除留痕：点名 3 处（候选/动作/判定）：["SH601398（候选·不在素材内）","SH601398（持仓动作·不在素材内）","SH601398（竞价判定·不在素材内）"]
  ✅ 编造的引文被标未落地：["主力资金净流入 9999.99 亿"]
  ✅ 白名单规模正确回传（界面显示"可点名 N 只票"）：票 55 / 方向 12

[war-materials] 全部通过 ✅（真数据源 + 假模型；模型质量不在本脚本断言范围）
