[probe] 当前交易日 = 2026-09-14；as_of = 2026-09-09
[hist_concept] rebuilt as_of=2026-09-09 usable=189 classes=9 iso=116 graph=threshold
[probe] as_of=2026-09-09 · 目标组数=7 · 模型调用=1
[probe] 逐源状态：
         unusual        skipped_by_design  produced=0  as_of=2026-09-09 ≠ 当前交易日 2026-09-14：该源只有"当日实时列表"、没有历史接口，本次不采（不做历史回放）
         market_monitor skipped_by_design  produced=0  as_of=2026-09-09 ≠ 当前交易日 2026-09-14：该源只有"当日实时列表"、没有历史接口，本次不采（不做历史回放）
         belong_board   used               produced=30  15/15 只票产出板块归属（当前快照，非当日历史快照）
         kline          no_material        produced=0  窗口内这 15 只票都没有封板（日K 因此不产出封板素材）—— 这是市场事实，不是采集失败
         news_flash     skipped_by_design  produced=0  快讯源被调用方显式关闭（离线测试/冒烟）
  ✅ belong_board 采到素材 30 条（字段名契约成立）
[probe] 每组的结构标签：
  # 1 52只  标签=（空）            覆盖=0/52 口径=none     行业[] 概念[]  
  # 2  6只  标签=（空）            覆盖=0/6 口径=none     行业[] 概念[]  
  # 3  3只  标签=电子化学品          覆盖=2/3 口径=industry 行业[电子化学品:2 半导体:1 半导体材料:1] 概念[存储芯片:3 芯片:3 光刻机:2]  中巨芯-U/恒坤新材/兴福电子
  # 4  2只  标签=半导体·集成电路设计     覆盖=2/2 口径=industry 行业[半导体:2 集成电路设计:2] 概念[人工智能:2 芯片:2 存储芯片:1]  摩尔线程-U/沐曦股份-U
  # 5  2只  标签=人脑工程           覆盖=2/2 口径=concept  行业[生物制品:1 医疗器械:1 医疗设备:1] 概念[人脑工程:2 辅助生殖:1 肝炎概念:1]  博拓生物/翔宇医疗
  # 6  2只  标签=生物制品           覆盖=2/2 口径=industry 行业[生物制品:2 其他生物制药:1 血液制品:1] 概念[创新药:2 减肥药:1]  必贝特-U/禾元生物-U
  # 7  2只  标签=5G概念·数据中心      覆盖=2/2 口径=concept  行业[半导体:1 集成电路设计:1 军工电子:1] 概念[5G概念:2 数据中心:2 阿里概念:1]  华丰科技/盛科通信-U
  # 8  2只  标签=机床制造·通用设备      覆盖=2/2 口径=industry 行业[机床制造:2 通用设备:2] 概念[高端装备:2 工业母机:2 机器人概念:2]  纽威数控/国盛智科
  # 9  2只  标签=半导体·半导体设备      覆盖=2/2 口径=industry 行业[半导体:2 半导体设备:2] 概念[芯片:2 储能:1 存储芯片:1]  先锋精科/正帆科技

[probe] 有结构标签的组：7/9
[probe] 全部通过 ✅
