  版本: 1.5.0 · transport: embedded
  打开会话: clicked:frontend-dsh30分钟
  ✔ 行情页并排: 3 列 / 共 4 块（指数+涨停梯队+榜单）
  ✔ 四个块与图: 指数+涨停梯队+榜单+市场异动
  ✔ 环境带(6 格): 6 格
  📸 01-market.png  [clip 1912×1198]
  ✔ 复盘步骤数(②-⑦): 6
  📸 02-review.png  [clip 1912×1198]
  ✔ 作战时段词: 竞价+盘中
  📸 03-war.png  [clip 1912×1198]
  ✔ 命名预算行: 调用 1 次
  ✔ 类行(强度/涨停数): 有涨停数
  ✔ 名称来源标签: 模型主题+官方行业+官方概念
  📸 04-concept.png  [clip 1912×1198]
  选中标的: clicked:新易盛SZ300502
  ✔ 个股头/图表: 日K+分时 · 标的: SZ300502
  📸 05-stock.png  [clip 1912×1198]
  ℹ️ 右栏已有研判存档 → 直接截图（不重复调模型）
  ✔ 结论卡: 偏空 35 跳空低开后单边走弱、收在近全天最低401.9，主力净流出10.7亿由散户承接，短线偏空，失守398下看386。 支撑要点 今日收
  📸 06-ai.png  [clip 344×1096]
  ✔ 选股页: 快照筛选+AI+AI
  📸 07-scout.png  [clip 1912×1198]
  ✔ 监控页: 价格+关键词+命中
  📸 08-alerts.png  [clip 1912×1198]
done → acceptance/shots-readme
