[stock-panel] embedded TDX bridge registered at /api/stock-panel/call
[stock-panel] build info route registered at /api/stock-panel/build（v1.5.0 · 7b2eaef2）
[stock-panel] 持久化路由已注册：GET/POST /api/stock-panel/state（域 'stock_panel'）
[stock-panel] 对话行情工具已注册 ×8
[stock-panel] AI bridge registered at /api/stock-panel/ai
[stock-panel] AI 直调可用：smoke-provider/smoke-model
[stock-panel] 命名桥接已注册：/api/stock-panel/naming
[1] 路由注册
  ✅ 已注册 /api/stock-panel/naming
  ✅ 注册为 exact 路由
[2] GET 能力与口径
  ✅ HTTP 200
  ✅ ok=true
  ✅ 模型可用（smoke-provider/smoke-model）
  ✅ 提示词版本回传（a2b-2）
  ✅ 默认参数 = 校准推荐值（window 90 / min_corr 0.6 / pool_n 200）
  ✅ 护栏阈值随能力一起回传
  ✅ A6 时间窗护栏默认开启
  ✅ 采集预算回传
  ✅ 快讯源开关与翻页上限随能力回传（它是唯一会出网到非通达信的素材源，口径必须可见）
[3] POST 参数校验
  ✅ 缺少 classId → 400（不猜默认值）
  ✅ classId=0 → 400（不猜默认值）
  ✅ classId 非数字 → 400（不猜默认值）
[4] 全链路：采集 → 模型 → 护栏 → 缓存
  ✅ 命名成功返回
  ✅ 结论 named「光模块」
  ✅ 两条有效证据、覆盖度 100%
  ✅ 证据分过门（0.95）
  ✅ 无降级
  ✅ as_of = 今日 → 采了实时异动
  ✅ 板块与日K都采到
  ✅ 结构标签回传（实际 {"industry":[{"name":"通信设备","n":2}],"concept":[{"name":"CPO概念","n":2}],"label":"通信设备","basis":"industry","covered":2,"total":2,"note":"结构标签（官方行业板块口径，2 只以上成员共享）：通信设备 2/2 —— 只说明\"这些票被官方分类学归到同一处\"，与\"今天为什么一起动\"（模型主题名）是两件事"}）
  ✅ 结构标签口径为行业、覆盖 2/2 只
  ✅ 同口径第二次命中缓存（模型只调一次）
  ✅ 编造引文 → 不得 named（实际 no_common）
  ✅ 降级后不得保留主题名
  ✅ 成因 = 被护栏拒
[4b] 归因口径：逐源状态 / 系统成因模板
  ✅ 命名成功返回
  ✅ 逐源状态应与素材源清单一一对应（实际 5 / 清单 5）
  ✅ 系统成因非空
  ✅ 本次没有任何源失败
  ✅ 没有失败源时不得给出失败归因：本组共 7 条素材：已采用：市场异动 1 条、板块归属 4 条、封板状态(日K) 2 条；按设计跳过：板块级快讯（快讯源被调用方显式关闭（离线测试/冒烟））；无产出：主力监控（当日实时列表里没有本组成员的记录（无数据 ≠ 失败））
  ✅ 快讯源也要有状态（不许静默缺席）
  ✅ 离线冒烟里快讯源被显式关闭 → 按设计跳过
  ✅ 关闭原因要写清（实际：快讯源被调用方显式关闭（离线测试/冒烟））
  ✅ 历史 as_of 也能给出结论（素材不足则如实降级）
  ✅ 实时源按设计跳过
  ✅ 实时源按设计跳过
  ✅ 未抛错的源不得标成失败
  ✅ 成因要写清设计取舍：本组共 6 条素材：已采用：板块归属 4 条、封板状态(日K) 2 条；按设计跳过：市场异动、主力监控、板块级快讯（as_of=2026-09-11 ≠ 当前交易日 2099-01-01：该源只有"当日实时列表"、没有历史接口，本次不采（不做历史回放）；快讯源被调用方显式关闭（离线测试/冒烟））
[5] 弱链伪类拒绝命名
  ✅ 拒绝并说明原因
  ✅ 拒绝时零模型调用（不浪费预算）
[6] 批量命名：分组命名 + 分组护栏 + 整批 memo
  ✅ 批量返回成功
  ✅ 两组一批 → 一次模型调用（实际 1）
  ✅ 弱链类不进目标（零额外调用）
  ✅ 弱链伪类如实标注跳过原因
  ✅ 第 2 组 named（光模块）
  ✅ 跨组借证据的第 3 组不得 named
  ✅ 成因 = 被护栏拒
  ✅ 成员随结论一起回传（界面零二次取数）
  ✅ 逐类取成员（引擎快照已缓存 → 纯 CPU）
  ✅ 同口径第二次命中整批 memo
  ✅ 命中 memo 不再调模型
  ✅ 命中 memo 时只再读一次类表（不再采集素材）
  ✅ refresh 必须真的重算

[smoke-naming] 全部通过 ✅
